AAGAAGGAGACGA	59
AAAAAAGGAAACG	16
CAAAGAAGGAAAC	7
