ATGCGGCTAATCC	2856
TAACCATGGAGCA	167
CTAACCTTAACCC	45
