TGAACCAACTCCA	507
ACCCCACCCCGTG	495
AACCCAACTCCAG	468
