TACTTCGAGAAAC	1821
ACCATGAAAGTTG	495
TACTTCGAGAAGC	478
TACTTCGAAAAGC	109
