TGTGCAAGGACAC	525
AAGGATGCTAGTG	510
AGCCCTGACATTG	460
